// Jest Snapshot v1, https://goo.gl/fbAQLP

exports[`Plugin creates expected PushService.swift 1`] = `
"import Foundation
import CioMessagingPushFCM
import UserNotifications
import UIKit

@objc
public class CIOAppPushNotificationsHandler : NSObject {

  public override init() {}

  
@objc(registerPushNotification)
  public func registerPushNotification() {

    let center  = UNUserNotificationCenter.current()
    center.requestAuthorization(options: [.sound, .alert, .badge]) { (granted, error) in
      if error == nil{
        DispatchQueue.main.async {
          UIApplication.shared.registerForRemoteNotifications()
        }
      }
    }
  }

  @objc(initializeCioSdk)
  public func initializeCioSdk() {
    MessagingPushFCM.initialize(
      withConfig: MessagingPushConfigBuilder()
        .autoFetchDeviceToken(true)
        .showPushAppInForeground(true)
        .autoTrackPushEvents(true)
        .build()
    )
  }

  @objc(application:deviceToken:)
  public func application(_ application: UIApplication, didRegisterForRemoteNotificationsWithDeviceToken deviceToken: Data) {
    MessagingPush.shared.application(application, didRegisterForRemoteNotificationsWithDeviceToken: deviceToken)
  }

  @objc(application:error:)
  public func application(_ application: UIApplication, didFailToRegisterForRemoteNotificationsWithError error: Error) {
    MessagingPush.shared.application(application, didFailToRegisterForRemoteNotificationsWithError: error)
  }
}
"
`;
