// Jest Snapshot v1, https://goo.gl/fbAQLP

exports[`Plugin creates expected PushService.swift 1`] = `
"import Foundation
import CioMessagingPushAPN
import UserNotifications
import UIKit

@objc
public class CIOAppPushNotificationsHandler : NSObject {

  public override init() {}

  

  @objc(initializeCioSdk)
  public func initializeCioSdk() {
    MessagingPushAPN.initialize(
      withConfig: MessagingPushConfigBuilder()
        .showPushAppInForeground(true)
        .autoTrackPushEvents(true)
        .build()
    )
  }

  @objc(application:deviceToken:)
  public func application(_ application: UIApplication, didRegisterForRemoteNotificationsWithDeviceToken deviceToken: Data) {
    MessagingPush.shared.application(application, didRegisterForRemoteNotificationsWithDeviceToken: deviceToken)
  }

  @objc(application:error:)
  public func application(_ application: UIApplication, didFailToRegisterForRemoteNotificationsWithError error: Error) {
    MessagingPush.shared.application(application, didFailToRegisterForRemoteNotificationsWithError: error)
  }
}
"
`;
